
> frontend@0.1.0 build
> next build

node.exe : ΓÜá Warning: Next.js inferred your 
workspace root, but it may not be correct.
At C:\nvm4w\nodejs\npm.ps1:29 char:3
+   & $NODE_EXE $NPM_CLI_JS $args
+   ~~~~~~~~~~~~~~~~~~~~~~~~~~~~~
    + CategoryInfo          : NotSpecified: (ΓÜá  
   Warning: Ne...not be correct.:String) [], Rem  
  oteException
    + FullyQualifiedErrorId : NativeCommandError
 
 We detected multiple lockfiles and selected the 
directory of C:\Users\vishal\package-lock.json as 
the root directory.
 To silence this warning, set `turbopack.root` in 
your Next.js config, or consider removing one of 
the lockfiles if it's not needed.
   See https://nextjs.org/docs/app/api-reference/c
onfig/next-config-js/turbopack#root-directory for 
more information.
 Detected additional lockfiles: 
   * C:\Users\vishal\OneDrive\Desktop\Hirelens_ai\
hire-lens-ai-resume-builder\frontend\package-lock.
json
   * 
C:\Users\vishal\OneDrive\Desktop\pnpm-lock.yaml

Γû▓ Next.js 16.1.6 (Turbopack)
- Environments: .env.local

  Creating an optimized production build ...
Γ£ô Compiled successfully in 18.4s
  Running TypeScript ...
Failed to compile.

./app/dashboard/cover-letter/page.tsx:171:36
Type error: Type 'Uint8Array<ArrayBufferLike>' is 
not assignable to type 'BlobPart'.
  Type 'Uint8Array<ArrayBufferLike>' is not 
assignable to type 'ArrayBufferView<ArrayBuffer>'.
    Types of property 'buffer' are incompatible.
      Type 'ArrayBufferLike' is not assignable to 
type 'ArrayBuffer'.
        Type 'SharedArrayBuffer' is missing the 
following properties from type 'ArrayBuffer': 
resizable, resize, detached, transfer, 
transferToFixedLength

[0m [90m 169 |[39m
 [90m 170 |[39m             [36mconst[39m 
pdfBytes [33m=[39m [36mawait[39m 
pdfDoc[33m.[39msave()[33m;[39m
[31m[1m>[22m[39m[90m 171 |[39m             
[36mconst[39m blob [33m=[39m [36mnew[39m 
[33mBlob[39m([pdfBytes][33m,[39m { 
type[33m:[39m [32m"application/pdf"[39m 
})[33m;[39m
 [90m     |[39m                                 
   [31m[1m^[22m[39m
 [90m 172 |[39m             
saveAs(blob[33m,[39m 
[32m`Cover_Letter_${companyName.replace(/\\s+/g, 
'_')}.pdf`[39m)[33m;[39m
 [90m 173 |[39m         } [36mcatch[39m (err) 
{
 [90m 174 |[39m             
console[33m.[39merror([32m"PDF Export 
error:"[39m[33m,[39m err)[33m;[39m[0m
Next.js build worker exited with code: 1 and 
signal: null
