components/resume-builder/ResumeEditor.tsx(28,49): error TS2552: Cannot find name 'useResume'. Did you mean 'setResume'?
